Archive member included because of file (symbol)

C:/Program Files/GNU Tools ARM Embedded/4.8 2013q4/arm-none-eabi/lib/libc_s.a(lib_a-memcpy-stub.o)
                              bin/obj/uart.o (memcpy)

Allocating common symbols
Common symbol       size              file

xQueueRegistry      0x50              bin/obj/queue.o
RxDMAHandle         0x2c              bin/obj/uart.o
usecTimerHighCount  0x4               bin/obj/usec_time.o
TxDMAHandle         0x2c              bin/obj/uart.o

Discarded input sections

 .text          0x00000000       0x14 bin/obj/startup_stm32f10x_md.o
 .data          0x00000000        0x0 bin/obj/startup_stm32f10x_md.o
 .bss           0x00000000        0x0 bin/obj/startup_stm32f10x_md.o
 .group         0x00000000        0x8 bin/obj/system_stm32f10x.o
 .group         0x00000000        0x8 bin/obj/system_stm32f10x.o
 .group         0x00000000        0x8 bin/obj/system_stm32f10x.o
 .group         0x00000000        0x8 bin/obj/system_stm32f10x.o
 .group         0x00000000        0x8 bin/obj/system_stm32f10x.o
 .group         0x00000000        0x8 bin/obj/system_stm32f10x.o
 .group         0x00000000        0x8 bin/obj/system_stm32f10x.o
 .group         0x00000000        0x8 bin/obj/system_stm32f10x.o
 .group         0x00000000        0x8 bin/obj/system_stm32f10x.o
 .group         0x00000000        0x8 bin/obj/system_stm32f10x.o
 .group         0x00000000        0x8 bin/obj/system_stm32f10x.o
 .group         0x00000000        0x8 bin/obj/system_stm32f10x.o
 .group         0x00000000        0x8 bin/obj/system_stm32f10x.o
 .group         0x00000000        0x8 bin/obj/system_stm32f10x.o
 .group         0x00000000        0x8 bin/obj/system_stm32f10x.o
 .group         0x00000000        0x8 bin/obj/system_stm32f10x.o
 .group         0x00000000        0x8 bin/obj/system_stm32f10x.o
 .group         0x00000000        0x8 bin/obj/system_stm32f10x.o
 .group         0x00000000        0x8 bin/obj/system_stm32f10x.o
 .group         0x00000000        0x8 bin/obj/system_stm32f10x.o
 .group         0x00000000        0x8 bin/obj/system_stm32f10x.o
 .group         0x00000000        0x8 bin/obj/system_stm32f10x.o
 .group         0x00000000        0x8 bin/obj/system_stm32f10x.o
 .text          0x00000000        0x0 bin/obj/system_stm32f10x.o
 .data          0x00000000        0x0 bin/obj/system_stm32f10x.o
 .bss           0x00000000        0x0 bin/obj/system_stm32f10x.o
 .text.SystemCoreClockUpdate
                0x00000000       0x6c bin/obj/system_stm32f10x.o
 .data.AHBPrescTable
                0x00000000       0x10 bin/obj/system_stm32f10x.o
 .data.SystemCoreClock
                0x00000000        0x4 bin/obj/system_stm32f10x.o
 .group         0x00000000        0x8 bin/obj/misc.o
 .group         0x00000000        0x8 bin/obj/misc.o
 .group         0x00000000        0x8 bin/obj/misc.o
 .group         0x00000000        0x8 bin/obj/misc.o
 .group         0x00000000        0x8 bin/obj/misc.o
 .group         0x00000000        0x8 bin/obj/misc.o
 .group         0x00000000        0x8 bin/obj/misc.o
 .group         0x00000000        0x8 bin/obj/misc.o
 .group         0x00000000        0x8 bin/obj/misc.o
 .group         0x00000000        0x8 bin/obj/misc.o
 .group         0x00000000        0x8 bin/obj/misc.o
 .group         0x00000000        0x8 bin/obj/misc.o
 .group         0x00000000        0x8 bin/obj/misc.o
 .group         0x00000000        0x8 bin/obj/misc.o
 .group         0x00000000        0x8 bin/obj/misc.o
 .group         0x00000000        0x8 bin/obj/misc.o
 .group         0x00000000        0x8 bin/obj/misc.o
 .group         0x00000000        0x8 bin/obj/misc.o
 .group         0x00000000        0x8 bin/obj/misc.o
 .group         0x00000000        0x8 bin/obj/misc.o
 .group         0x00000000        0x8 bin/obj/misc.o
 .group         0x00000000        0x8 bin/obj/misc.o
 .group         0x00000000        0x8 bin/obj/misc.o
 .text          0x00000000        0x0 bin/obj/misc.o
 .data          0x00000000        0x0 bin/obj/misc.o
 .bss           0x00000000        0x0 bin/obj/misc.o
 .text.NVIC_SetVectorTable
                0x00000000       0x14 bin/obj/misc.o
 .text.NVIC_SystemLPConfig
                0x00000000       0x18 bin/obj/misc.o
 .text.SysTick_CLKSourceConfig
                0x00000000       0x18 bin/obj/misc.o
 .debug_macro   0x00000000      0x856 bin/obj/misc.o
 .debug_macro   0x00000000       0x50 bin/obj/misc.o
 .debug_macro   0x00000000       0x22 bin/obj/misc.o
 .debug_macro   0x00000000       0x52 bin/obj/misc.o
 .debug_macro   0x00000000       0x16 bin/obj/misc.o
 .debug_macro   0x00000000       0x35 bin/obj/misc.o
 .debug_macro   0x00000000       0xa2 bin/obj/misc.o
 .debug_macro   0x00000000      0x20e bin/obj/misc.o
 .debug_macro   0x00000000      0x69f bin/obj/misc.o
 .debug_macro   0x00000000     0x7dbe bin/obj/misc.o
 .debug_macro   0x00000000       0x35 bin/obj/misc.o
[...]
Memory Configuration

Name             Origin             Length             Attributes
RAM              0x20000000         0x00005000         xrw
FLASH            0x08000000         0x00020000         xr
MEMORY_B1        0x60000000         0x00000000         xr
*default*        0x00000000         0xffffffff

Linker script and memory map

LOAD C:/Program Files/GNU Tools ARM Embedded/4.8 2013q4/arm-none-eabi/lib/libc_s.a
LOAD bin/obj/startup_stm32f10x_md.o
LOAD bin/obj/system_stm32f10x.o
LOAD bin/obj/misc.o
LOAD bin/obj/stm32f10x_adc.o
LOAD bin/obj/stm32f10x_dbgmcu.o
LOAD bin/obj/stm32f10x_dma.o
LOAD bin/obj/stm32f10x_exti.o
LOAD bin/obj/stm32f10x_flash.o
LOAD bin/obj/stm32f10x_gpio.o
LOAD bin/obj/stm32f10x_i2c.o
LOAD bin/obj/stm32f10x_iwdg.o
LOAD bin/obj/stm32f10x_rcc.o
LOAD bin/obj/stm32f10x_spi.o
LOAD bin/obj/stm32f10x_tim.o
LOAD bin/obj/stm32f10x_usart.o
LOAD bin/obj/main.o
LOAD bin/obj/usec_time.o
LOAD bin/obj/nvic.o
LOAD bin/obj/uart.o
LOAD bin/obj/list.o
LOAD bin/obj/tasks.o
LOAD bin/obj/queue.o
LOAD bin/obj/timers.o
LOAD bin/obj/heap_4.o
LOAD bin/obj/freeRTOSdebug.o
LOAD bin/obj/port.o
LOAD C:/Program Files/GNU Tools ARM Embedded/4.8 2013q4/arm-none-eabi/lib/libc_s.a
LOAD c:/program files/gnu tools arm embedded/4.8 2013q4/bin/../lib/gcc/arm-none-eabi/4.8.3/../../../../arm-none-eabi/lib/armv7-m\libm.a
                0x20005000                _estack = 0x20005000
                0x00000000                _Min_Heap_Size = 0x0
                0x00000200                _Min_Stack_Size = 0x200

.isr_vector     0x08000000      0x10c
                0x08000000                . = ALIGN (0x4)
 *(.isr_vector)
 .isr_vector    0x08000000      0x10c bin/obj/startup_stm32f10x_md.o
                0x08000000                g_pfnVectors
                0x0800010c                . = ALIGN (0x4)

.text           0x0800010c     0x1da8
                0x0800010c                . = ALIGN (0x4)
 *(.text)
 *(.text*)
 .text.Reset_Handler
                0x0800010c       0x4c bin/obj/startup_stm32f10x_md.o
                0x0800010c                Reset_Handler
 .text.Default_Handler
                0x08000158        0x4 bin/obj/startup_stm32f10x_md.o
                0x08000158                EXTI2_IRQHandler
                0x08000158                TIM1_CC_IRQHandler
                0x08000158                PVD_IRQHandler
                0x08000158                EXTI3_IRQHandler
                0x08000158                EXTI0_IRQHandler
                0x08000158                ADC1_2_IRQHandler
                0x08000158                SPI1_IRQHandler
                0x08000158                TAMPER_IRQHandler
                0x08000158                RTC_IRQHandler
                0x08000158                CAN1_RX1_IRQHandler
                0x08000158                TIM4_IRQHandler
                0x08000158                TIM3_IRQHandler
                0x08000158                RCC_IRQHandler
                0x08000158                TIM1_TRG_COM_IRQHandler
                0x08000158                Default_Handler
                0x08000158                EXTI15_10_IRQHandler
                0x08000158                SPI2_IRQHandler
                0x08000158                EXTI4_IRQHandler
                0x08000158                USB_LP_CAN1_RX0_IRQHandler
                0x08000158                USB_HP_CAN1_TX_IRQHandler
                0x08000158                DMA1_Channel3_IRQHandler
                0x08000158                WWDG_IRQHandler
                0x08000158                TIM2_IRQHandler
                0x08000158                TIM1_BRK_IRQHandler
                0x08000158                EXTI1_IRQHandler
                0x08000158                RTCAlarm_IRQHandler
                0x08000158                USART2_IRQHandler
                0x08000158                CAN1_SCE_IRQHandler
                0x08000158                FLASH_IRQHandler
                0x08000158                USART1_IRQHandler
                0x08000158                USBWakeUp_IRQHandler
 .text.SystemInit
                0x0800015c       0xf4 bin/obj/system_stm32f10x.o
                0x0800015c                SystemInit
 .text.NVIC_PriorityGroupConfig
                0x08000250       0x14 bin/obj/misc.o
                0x08000250                NVIC_PriorityGroupConfig
 .text.NVIC_Init
                0x08000264       0x68 bin/obj/misc.o
                0x08000264                NVIC_Init
 .text.DBGMCU_Config
                0x080002cc       0x18 bin/obj/stm32f10x_dbgmcu.o
                0x080002cc                DBGMCU_Config
 .text.DMA_DeInit
                0x080002e4       0xf0 bin/obj/stm32f10x_dma.o
                0x080002e4                DMA_DeInit
 .text.DMA_Init
                0x080003d4       0x3c bin/obj/stm32f10x_dma.o
                0x080003d4                DMA_Init
 .text.DMA_Cmd  0x08000410       0x16 bin/obj/stm32f10x_dma.o
                0x08000410                DMA_Cmd
 .text.DMA_ITConfig
                0x08000426       0x10 bin/obj/stm32f10x_dma.o
                0x08000426                DMA_ITConfig
 .text.DMA_GetCurrDataCounter
                0x08000436        0x6 bin/obj/stm32f10x_dma.o
                0x08000436                DMA_GetCurrDataCounter
 .text.DMA_ClearFlag
                0x0800043c       0x14 bin/obj/stm32f10x_dma.o
                0x0800043c                DMA_ClearFlag
 .text.GPIO_Init
                0x08000450       0x90 bin/obj/stm32f10x_gpio.o
                0x08000450                GPIO_Init
 .text.GPIO_SetBits
                0x080004e0        0x4 bin/obj/stm32f10x_gpio.o
                0x080004e0                GPIO_SetBits
 .text.GPIO_ResetBits
                0x080004e4        0x4 bin/obj/stm32f10x_gpio.o
                0x080004e4                GPIO_ResetBits
 .text.RCC_GetClocksFreq
                0x080004e8       0x94 bin/obj/stm32f10x_rcc.o
                0x080004e8                RCC_GetClocksFreq
 .text.RCC_APB2PeriphClockCmd
                0x0800057c       0x18 bin/obj/stm32f10x_rcc.o
                0x0800057c                RCC_APB2PeriphClockCmd
 .text.RCC_APB2PeriphResetCmd
                0x08000594       0x18 bin/obj/stm32f10x_rcc.o
                0x08000594                RCC_APB2PeriphResetCmd
 .text.RCC_APB1PeriphResetCmd
                0x080005ac       0x18 bin/obj/stm32f10x_rcc.o
                0x080005ac                RCC_APB1PeriphResetCmd
 .text.TIM_TimeBaseInit
                0x080005c4       0x94 bin/obj/stm32f10x_tim.o
                0x080005c4                TIM_TimeBaseInit
 .text.TIM_Cmd  0x08000658       0x18 bin/obj/stm32f10x_tim.o
                0x08000658                TIM_Cmd
 .text.TIM_ITConfig
                0x08000670       0x12 bin/obj/stm32f10x_tim.o
                0x08000670                TIM_ITConfig
 .text.TIM_ClearITPendingBit
                0x08000682        0x8 bin/obj/stm32f10x_tim.o
                0x08000682                TIM_ClearITPendingBit
 *fill*         0x0800068a        0x2 
 .text.USART_DeInit
                0x0800068c       0x98 bin/obj/stm32f10x_usart.o
                0x0800068c                USART_DeInit
 .text.USART_Init
                0x08000724       0xa8 bin/obj/stm32f10x_usart.o
                0x08000724                USART_Init
 .text.USART_Cmd
                0x080007cc       0x18 bin/obj/stm32f10x_usart.o
                0x080007cc                USART_Cmd
 .text.USART_ITConfig
                0x080007e4       0x30 bin/obj/stm32f10x_usart.o
                0x080007e4                USART_ITConfig
 .text.USART_DMACmd
                0x08000814       0x12 bin/obj/stm32f10x_usart.o
                0x08000814                USART_DMACmd
 *fill*         0x08000826        0x2 
 .text.ledBlink1
                0x08000828       0x28 bin/obj/main.o
                0x08000828                ledBlink1
 .text.ledBlink2
                0x08000850       0x34 bin/obj/main.o
                0x08000850                ledBlink2
 .text.delay_ms
                0x08000884       0x24 bin/obj/main.o
                0x08000884                delay_ms
 .text.systemPowerOn
                0x080008a8       0x38 bin/obj/main.o
                0x080008a8                systemPowerOn
 .text.LedInit  0x080008e0       0x64 bin/obj/main.o
                0x080008e0                LedInit
 .text.LedTestLoop
                0x08000944       0x44 bin/obj/main.o
                0x08000944                LedTestLoop
 .text.SystemTaskInit
                0x08000988       0x5c bin/obj/main.o
                0x08000988                SystemTaskInit
 .text.startup.main
                0x080009e4        0x6 bin/obj/main.o
                0x080009e4                main
 *fill*         0x080009ea        0x2 
 .text.initUsecTimer
                0x080009ec       0x7c bin/obj/usec_time.o
                0x080009ec                initUsecTimer
 .text.nvicInit
                0x08000a68        0x8 bin/obj/nvic.o
                0x08000a68                nvicInit
 .text.NMI_Handler
                0x08000a70        0x2 bin/obj/nvic.o
                0x08000a70                NMI_Handler
 .text.HardFault_Handler
                0x08000a72       0x14 bin/obj/nvic.o
                0x08000a72                HardFault_Handler
 .text.printHardFault
                0x08000a86        0x2 bin/obj/nvic.o
                0x08000a86                printHardFault
 .text.MemManage_Handler
                0x08000a88        0x2 bin/obj/nvic.o
                0x08000a88                MemManage_Handler
 .text.BusFault_Handler
                0x08000a8a        0x2 bin/obj/nvic.o
                0x08000a8a                BusFault_Handler
 .text.UsageFault_Handler
                0x08000a8c        0x2 bin/obj/nvic.o
                0x08000a8c                UsageFault_Handler
 .text.DebugMon_Handler
                0x08000a8e        0x2 bin/obj/nvic.o
                0x08000a8e                DebugMon_Handler
 .text.DMA1_Channel1_IRQHandler
                0x08000a90        0x2 bin/obj/nvic.o
                0x08000a90                DMA1_Channel1_IRQHandler
 .text.DMA1_Channel2_IRQHandler
                0x08000a92        0x2 bin/obj/nvic.o
                0x08000a92                DMA1_Channel2_IRQHandler
 .text.DMA1_Channel4_IRQHandler
                0x08000a94        0x4 bin/obj/nvic.o
                0x08000a94                DMA1_Channel4_IRQHandler
 .text.DMA1_Channel5_IRQHandler
                0x08000a98        0x4 bin/obj/nvic.o
                0x08000a98                DMA1_Channel5_IRQHandler
 .text.DMA1_Channel6_IRQHandler
                0x08000a9c        0x2 bin/obj/nvic.o
                0x08000a9c                DMA1_Channel6_IRQHandler
 .text.DMA1_Channel7_IRQHandler
                0x08000a9e        0x2 bin/obj/nvic.o
                0x08000a9e                DMA1_Channel7_IRQHandler
 .text.EXTI9_5_IRQHandler
                0x08000aa0        0x2 bin/obj/nvic.o
                0x08000aa0                EXTI9_5_IRQHandler
 .text.USART3_IRQHandler
                0x08000aa2        0x4 bin/obj/nvic.o
                0x08000aa2                USART3_IRQHandler
 *fill*         0x08000aa6        0x2 
 .text.TIM1_UP_IRQHandler
                0x08000aa8       0x2c bin/obj/nvic.o
                0x08000aa8                TIM1_UP_IRQHandler
 .text.I2C1_EV_IRQHandler
                0x08000ad4        0x2 bin/obj/nvic.o
                0x08000ad4                I2C1_EV_IRQHandler
 .text.I2C1_ER_IRQHandler
                0x08000ad6        0x2 bin/obj/nvic.o
                0x08000ad6                I2C1_ER_IRQHandler
 .text.I2C2_EV_IRQHandler
                0x08000ad8        0x2 bin/obj/nvic.o
                0x08000ad8                I2C2_EV_IRQHandler
 .text.I2C2_ER_IRQHandler
                0x08000ada        0x2 bin/obj/nvic.o
                0x08000ada                I2C2_ER_IRQHandler
 .text.uartDmaTxISR
                0x08000adc       0x24 bin/obj/uart.o
                0x08000adc                uartDmaTxISR
 .text.uartDmaRxISR
                0x08000b00       0x18 bin/obj/uart.o
                0x08000b00                uartDmaRxISR
 .text.Uart3ISR
                0x08000b18       0x58 bin/obj/uart.o
                0x08000b18                Uart3ISR
 .text.InitUART
                0x08000b70      0x154 bin/obj/uart.o
                0x08000b70                InitUART
 .text.UartSendData
                0x08000cc4       0x60 bin/obj/uart.o
                0x08000cc4                UartSendData
 .text.vListInitialise
                0x08000d24       0x16 bin/obj/list.o
                0x08000d24                vListInitialise
 .text.vListInitialiseItem
                0x08000d3a        0x6 bin/obj/list.o
                0x08000d3a                vListInitialiseItem
 .text.vListInsertEnd
                0x08000d40       0x18 bin/obj/list.o
                0x08000d40                vListInsertEnd
 .text.vListInsert
                0x08000d58       0x30 bin/obj/list.o
                0x08000d58                vListInsert
 .text.uxListRemove
                0x08000d88       0x24 bin/obj/list.o
                0x08000d88                uxListRemove
 .text.prvIdleTask
                0x08000dac        0x2 bin/obj/tasks.o
 *fill*         0x08000dae        0x2 
 .text.prvAddCurrentTaskToDelayedList
                0x08000db0       0x50 bin/obj/tasks.o
 .text.xTaskGenericCreate
                0x08000e00      0x170 bin/obj/tasks.o
                0x08000e00                xTaskGenericCreate
 .text.vTaskStartScheduler
                0x08000f70       0x54 bin/obj/tasks.o
                0x08000f70                vTaskStartScheduler
 .text.vTaskSuspendAll
                0x08000fc4       0x10 bin/obj/tasks.o
                0x08000fc4                vTaskSuspendAll
 .text.xTaskGetTickCount
                0x08000fd4       0x18 bin/obj/tasks.o
                0x08000fd4                xTaskGetTickCount
 .text.xTaskIncrementTick
                0x08000fec      0x10c bin/obj/tasks.o
                0x08000fec                xTaskIncrementTick
 .text.xTaskResumeAll
                0x080010f8       0xbc bin/obj/tasks.o
                0x080010f8                xTaskResumeAll
 .text.vTaskDelay
                0x080011b4       0x3c bin/obj/tasks.o
                0x080011b4                vTaskDelay
 .text.vTaskSwitchContext
                0x080011f0       0x80 bin/obj/tasks.o
                0x080011f0                vTaskSwitchContext
 .text.vTaskPlaceOnEventList
                0x08001270       0x2c bin/obj/tasks.o
                0x08001270                vTaskPlaceOnEventList
 .text.vTaskPlaceOnEventListRestricted
                0x0800129c       0x2c bin/obj/tasks.o
                0x0800129c                vTaskPlaceOnEventListRestricted
 .text.xTaskRemoveFromEventList
                0x080012c8       0x6c bin/obj/tasks.o
                0x080012c8                xTaskRemoveFromEventList
 .text.vTaskSetTimeOutState
                0x08001334       0x18 bin/obj/tasks.o
                0x08001334                vTaskSetTimeOutState
 .text.xTaskCheckForTimeOut
                0x0800134c       0x48 bin/obj/tasks.o
                0x0800134c                xTaskCheckForTimeOut
 .text.vTaskMissedYield
                0x08001394        0xc bin/obj/tasks.o
                0x08001394                vTaskMissedYield
 .text.xTaskGetCurrentTaskHandle
                0x080013a0        0xc bin/obj/tasks.o
                0x080013a0                xTaskGetCurrentTaskHandle
 .text.xTaskGetSchedulerState
                0x080013ac       0x20 bin/obj/tasks.o
                0x080013ac                xTaskGetSchedulerState
 .text.vTaskPriorityInherit
                0x080013cc       0x70 bin/obj/tasks.o
                0x080013cc                vTaskPriorityInherit
 .text.vTaskPriorityDisinherit
                0x0800143c       0x4c bin/obj/tasks.o
                0x0800143c                vTaskPriorityDisinherit
 .text.prvCopyDataToQueue
                0x08001488       0x66 bin/obj/queue.o
 .text.prvCopyDataFromQueue
                0x080014ee       0x26 bin/obj/queue.o
 .text.prvUnlockQueue
                0x08001514       0x64 bin/obj/queue.o
 .text.xQueueGenericReset
                0x08001578       0x5a bin/obj/queue.o
                0x08001578                xQueueGenericReset
 .text.xQueueGenericCreate
                0x080015d2       0x42 bin/obj/queue.o
                0x080015d2                xQueueGenericCreate
 .text.xQueueGenericSend
                0x08001614       0xd2 bin/obj/queue.o
                0x08001614                xQueueGenericSend
 .text.xQueueGenericSendFromISR
                0x080016e6       0x5c bin/obj/queue.o
                0x080016e6                xQueueGenericSendFromISR
 .text.xQueueGenericReceive
                0x08001742      0x102 bin/obj/queue.o
                0x08001742                xQueueGenericReceive
 .text.vQueueAddToRegistry
                0x08001844       0x24 bin/obj/queue.o
                0x08001844                vQueueAddToRegistry
 .text.vQueueWaitForMessageRestricted
                0x08001868       0x3a bin/obj/queue.o
                0x08001868                vQueueWaitForMessageRestricted
 *fill*         0x080018a2        0x2 
 .text.prvCheckForValidListAndQueue
                0x080018a4       0x58 bin/obj/timers.o
 .text.prvInsertTimerInActiveList
                0x080018fc       0x3c bin/obj/timers.o
 .text.xTimerCreateTimerTask
                0x08001938       0x34 bin/obj/timers.o
                0x08001938                xTimerCreateTimerTask
 .text.xTimerGenericCommand
                0x0800196c       0x44 bin/obj/timers.o
                0x0800196c                xTimerGenericCommand
 .text.prvSwitchTimerLists
                0x080019b0       0x60 bin/obj/timers.o
 .text.prvTimerTask
                0x08001a10      0x15c bin/obj/timers.o
 .text.prvInsertBlockIntoFreeList
                0x08001b6c       0x4c bin/obj/heap_4.o
 .text.pvPortMalloc
                0x08001bb8       0xe4 bin/obj/heap_4.o
                0x08001bb8                pvPortMalloc
 .text.vPortFree
                0x08001c9c       0x4c bin/obj/heap_4.o
                0x08001c9c                vPortFree
 .text.vApplicationStackOverflowHook
                0x08001ce8        0x2 bin/obj/freeRTOSdebug.o
                0x08001ce8                vApplicationStackOverflowHook
 .text.debugSendTraceInfo
                0x08001cea        0x2 bin/obj/freeRTOSdebug.o
                0x08001cea                debugSendTraceInfo
 .text.prvPortStartFirstTask
                0x08001cec       0x1c bin/obj/port.o
 .text.pxPortInitialiseStack
                0x08001d08       0x1c bin/obj/port.o
                0x08001d08                pxPortInitialiseStack
 .text.SVC_Handler
                0x08001d24       0x24 bin/obj/port.o
                0x08001d24                SVC_Handler
 .text.vPortYield
                0x08001d48       0x18 bin/obj/port.o
                0x08001d48                vPortYield
 .text.ulPortSetInterruptMask
                0x08001d60       0x10 bin/obj/port.o
                0x08001d60                ulPortSetInterruptMask
 .text.prvTaskExitError
                0x08001d70        0x8 bin/obj/port.o
 .text.vPortEnterCritical
                0x08001d78       0x1c bin/obj/port.o
                0x08001d78                vPortEnterCritical
 .text.vPortClearInterruptMask
                0x08001d94        0x6 bin/obj/port.o
                0x08001d94                vPortClearInterruptMask
 *fill*         0x08001d9a        0x2 
 .text.vPortExitCritical
                0x08001d9c       0x14 bin/obj/port.o
                0x08001d9c                vPortExitCritical
 .text.PendSV_Handler
                0x08001db0       0x44 bin/obj/port.o
                0x08001db0                PendSV_Handler
 .text.SysTick_Handler
                0x08001df4       0x24 bin/obj/port.o
                0x08001df4                SysTick_Handler
 .text.vPortSetupTimerInterrupt
                0x08001e18       0x18 bin/obj/port.o
                0x08001e18                vPortSetupTimerInterrupt
 .text.xPortStartScheduler
                0x08001e30       0x30 bin/obj/port.o
                0x08001e30                xPortStartScheduler
 .text.memcpy   0x08001e60       0x1c C:/Program Files/GNU Tools ARM Embedded/4.8 2013q4/arm-none-eabi/lib/libc_s.a(lib_a-memcpy-stub.o)
                0x08001e60                memcpy
 *(.rodata)
 *(.rodata*)
 .rodata.str1.1
                0x08001e7c       0x23 bin/obj/main.o
 .rodata.str1.1
                0x08001e9f        0x5 bin/obj/tasks.o
 .rodata.str1.1
                0x08001ea4        0xd bin/obj/timers.o
 *(.glue_7)
 .glue_7        0x00000000        0x0 linker stubs
 *(.glue_7t)
 .glue_7t       0x00000000        0x0 linker stubs
 *(.init)
 *(.fini)
                0x08001eb4                . = ALIGN (0x4)
 *fill*         0x08001eb1        0x3 
                0x08001eb4                _etext = .

.vfp11_veneer   0x08001eb4        0x0
 .vfp11_veneer  0x00000000        0x0 linker stubs

.v4_bx          0x08001eb4        0x0
 .v4_bx         0x00000000        0x0 linker stubs

.iplt           0x08001eb4        0x0
 .iplt          0x00000000        0x0 bin/obj/startup_stm32f10x_md.o

.rel.dyn        0x08001eb4        0x0
 .rel.iplt      0x00000000        0x0 bin/obj/startup_stm32f10x_md.o

.ARM.extab
 *(.ARM.extab* .gnu.linkonce.armextab.*)

.ARM            0x08001eb4        0x0
                0x08001eb4                __exidx_start = .
 *(.ARM.exidx*)
                0x08001eb4                __exidx_end = .

.ARM.attributes
                0x08001eb4       0x31
 *(.ARM.attributes)
 .ARM.attributes
                0x08001eb4       0x21 bin/obj/startup_stm32f10x_md.o
 .ARM.attributes
                0x08001ed5       0x33 bin/obj/system_stm32f10x.o
 .ARM.attributes
                0x08001f08       0x33 bin/obj/misc.o
 .ARM.attributes
                0x08001f3b       0x33 bin/obj/stm32f10x_dbgmcu.o
 .ARM.attributes
                0x08001f6e       0x33 bin/obj/stm32f10x_dma.o
 .ARM.attributes
                0x08001fa1       0x33 bin/obj/stm32f10x_gpio.o
 .ARM.attributes
                0x08001fd4       0x33 bin/obj/stm32f10x_rcc.o
 .ARM.attributes
                0x08002007       0x33 bin/obj/stm32f10x_tim.o
 .ARM.attributes
                0x0800203a       0x33 bin/obj/stm32f10x_usart.o
 .ARM.attributes
                0x0800206d       0x33 bin/obj/main.o
 .ARM.attributes
                0x080020a0       0x33 bin/obj/usec_time.o
 .ARM.attributes
                0x080020d3       0x33 bin/obj/nvic.o
 .ARM.attributes
                0x08002106       0x33 bin/obj/uart.o
 .ARM.attributes
                0x08002139       0x33 bin/obj/list.o
 .ARM.attributes
                0x0800216c       0x33 bin/obj/tasks.o
 .ARM.attributes
                0x0800219f       0x33 bin/obj/queue.o
 .ARM.attributes
                0x080021d2       0x33 bin/obj/timers.o
 .ARM.attributes
                0x08002205       0x33 bin/obj/heap_4.o
 .ARM.attributes
                0x08002238       0x33 bin/obj/freeRTOSdebug.o
 .ARM.attributes
                0x0800226b       0x33 bin/obj/port.o
 .ARM.attributes
                0x0800229e       0x30 C:/Program Files/GNU Tools ARM Embedded/4.8 2013q4/arm-none-eabi/lib/libc_s.a(lib_a-memcpy-stub.o)

.preinit_array  0x08001eb4        0x0
                0x08001eb4                PROVIDE (__preinit_array_start, .)
 *(.preinit_array*)
                0x08001eb4                PROVIDE (__preinit_array_end, .)

.init_array     0x08001eb4        0x0
                0x08001eb4                PROVIDE (__init_array_start, .)
 *(SORT(.init_array.*))
 *(.init_array*)
                0x08001eb4                PROVIDE (__init_array_end, .)

.fini_array     0x08001eb4        0x0
                0x08001eb4                PROVIDE (__fini_array_start, .)
 *(.fini_array*)
 *(SORT(.fini_array.*))
                0x08001eb4                PROVIDE (__fini_array_end, .)
                0x08001eb4                _sidata = .

.data           0x20000000       0x24 load address 0x080022ce
                0x20000000                . = ALIGN (0x4)
                0x20000000                _sdata = .
 *(.data)
 *(.data*)
 .data.ADCPrescTable
                0x20000000        0x4 bin/obj/stm32f10x_rcc.o
 .data.APBAHBPrescTable
                0x20000004       0x10 bin/obj/stm32f10x_rcc.o
 .data.xNextTaskUnblockTime
                0x20000014        0x4 bin/obj/tasks.o
 .data.xMinimumEverFreeBytesRemaining
                0x20000018        0x4 bin/obj/heap_4.o
 .data.xFreeBytesRemaining
                0x2000001c        0x4 bin/obj/heap_4.o
 .data.uxCriticalNesting
                0x20000020        0x4 bin/obj/port.o
                0x20000024                . = ALIGN (0x4)
                0x20000024                _edata = .

.igot.plt       0x20000024        0x0 load address 0x080022f4
 .igot.plt      0x00000000        0x0 bin/obj/startup_stm32f10x_md.o
                0x20000024                . = ALIGN (0x4)

.bss            0x20000024     0x3d88 load address 0x080022f4
                0x20000024                _sbss = .
                0x20000024                __bss_start__ = _sbss
 *(.bss)
 *(.bss*)
 .bss.RxBufCnt  0x20000024        0x4 bin/obj/uart.o
 .bss.RxFifoCnt
                0x20000028        0x4 bin/obj/uart.o
 .bss.RxFifo    0x2000002c       0x20 bin/obj/uart.o
 .bss.TxBusy    0x2000004c        0x1 bin/obj/uart.o
 .bss.RxBuffer  0x2000004d       0x80 bin/obj/uart.o
 .bss.TxBuffer  0x200000cd       0x80 bin/obj/uart.o
 *fill*         0x2000014d        0x3 
 .bss.pxDelayedTaskList
                0x20000150        0x4 bin/obj/tasks.o
 .bss.xSchedulerRunning
                0x20000154        0x4 bin/obj/tasks.o
 .bss.uxSchedulerSuspended
                0x20000158        0x4 bin/obj/tasks.o
 .bss.xNumOfOverflows
                0x2000015c        0x4 bin/obj/tasks.o
 .bss.xDelayedTaskList2
                0x20000160       0x14 bin/obj/tasks.o
 .bss.uxPendedTicks
                0x20000174        0x4 bin/obj/tasks.o
 .bss.pxReadyTasksLists
                0x20000178       0x64 bin/obj/tasks.o
 .bss.pxCurrentTCB
                0x200001dc        0x4 bin/obj/tasks.o
                0x200001dc                pxCurrentTCB
 .bss.xPendingReadyList
                0x200001e0       0x14 bin/obj/tasks.o
 .bss.xTickCount
                0x200001f4        0x4 bin/obj/tasks.o
 .bss.pxOverflowDelayedTaskList
                0x200001f8        0x4 bin/obj/tasks.o
 .bss.uxTaskNumber
                0x200001fc        0x4 bin/obj/tasks.o
 .bss.xDelayedTaskList1
                0x20000200       0x14 bin/obj/tasks.o
 .bss.uxCurrentNumberOfTasks
                0x20000214        0x4 bin/obj/tasks.o
 .bss.uxTopReadyPriority
                0x20000218        0x4 bin/obj/tasks.o
 .bss.xYieldPending
                0x2000021c        0x4 bin/obj/tasks.o
 .bss.pxCurrentTimerList
                0x20000220        0x4 bin/obj/timers.o
 .bss.xActiveTimerList1
                0x20000224       0x14 bin/obj/timers.o
 .bss.xActiveTimerList2
                0x20000238       0x14 bin/obj/timers.o
 .bss.xLastTime.6954
                0x2000024c        0x4 bin/obj/timers.o
 .bss.xTimerQueue
                0x20000250        0x4 bin/obj/timers.o
 .bss.pxOverflowTimerList
                0x20000254        0x4 bin/obj/timers.o
 .bss.pxEnd     0x20000258        0x4 bin/obj/heap_4.o
 .bss.xStart    0x2000025c        0x8 bin/obj/heap_4.o
 .bss.ucHeap    0x20000264     0x3a98 bin/obj/heap_4.o
 .bss.xBlockAllocatedBit
                0x20003cfc        0x4 bin/obj/heap_4.o
 *(COMMON)
 COMMON         0x20003d00        0x4 bin/obj/usec_time.o
                0x20003d00                usecTimerHighCount
 COMMON         0x20003d04       0x58 bin/obj/uart.o
                0x20003d04                RxDMAHandle
                0x20003d30                TxDMAHandle
 COMMON         0x20003d5c       0x50 bin/obj/queue.o
                0x20003d5c                xQueueRegistry
                0x20003dac                . = ALIGN (0x4)
                0x20003dac                _ebss = .
                0x20003dac                __bss_end__ = _ebss
                0x20003dac                PROVIDE (end, _ebss)
                0x20003dac                PROVIDE (_end, _ebss)

._user_heap_stack
                0x20003dac      0x200 load address 0x0800607c
                0x20003dac                . = ALIGN (0x4)
                0x20003dac                . = (. + _Min_Heap_Size)
                0x20003fac                . = (. + _Min_Stack_Size)
 *fill*         0x20003dac      0x200 
                0x20003fac                . = ALIGN (0x4)

.memory_b1_text
 *(.mb1text)
 *(.mb1text*)
 *(.mb1rodata)
 *(.mb1rodata*)

/DISCARD/
 libc.a(*)
 libm.a(*)
 libgcc.a(*)
OUTPUT(bin/controller.elf elf32-littlearm)

.debug_info     0x00000000     0xab8e
 .debug_info    0x00000000      0x443 bin/obj/system_stm32f10x.o
 .debug_info    0x00000443      0x4df bin/obj/misc.o
 .debug_info    0x00000922      0x145 bin/obj/stm32f10x_dbgmcu.o
 .debug_info    0x00000a67      0x44c bin/obj/stm32f10x_dma.o
 .debug_info    0x00000eb3      0x7bc bin/obj/stm32f10x_gpio.o
 .debug_info    0x0000166f      0x892 bin/obj/stm32f10x_rcc.o
 .debug_info    0x00001f01     0x2097 bin/obj/stm32f10x_tim.o
 .debug_info    0x00003f98      0xab6 bin/obj/stm32f10x_usart.o
 .debug_info    0x00004a4e      0x869 bin/obj/main.o
 .debug_info    0x000052b7      0x682 bin/obj/usec_time.o
 .debug_info    0x00005939      0x505 bin/obj/nvic.o
 .debug_info    0x00005e3e      0xe9d bin/obj/uart.o
 .debug_info    0x00006cdb      0x2a6 bin/obj/list.o
 .debug_info    0x00006f81     0x13d1 bin/obj/tasks.o
 .debug_info    0x00008352     0x1195 bin/obj/queue.o
 .debug_info    0x000094e7      0xeec bin/obj/timers.o
 .debug_info    0x0000a3d3      0x3e6 bin/obj/heap_4.o
 .debug_info    0x0000a7b9       0xfb bin/obj/freeRTOSdebug.o
 .debug_info    0x0000a8b4      0x2da bin/obj/port.o

.debug_abbrev   0x00000000     0x24d6
 .debug_abbrev  0x00000000      0x19c bin/obj/system_stm32f10x.o
 .debug_abbrev  0x0000019c      0x168 bin/obj/misc.o
 .debug_abbrev  0x00000304       0xf2 bin/obj/stm32f10x_dbgmcu.o
 .debug_abbrev  0x000003f6      0x169 bin/obj/stm32f10x_dma.o
 .debug_abbrev  0x0000055f      0x1f8 bin/obj/stm32f10x_gpio.o
 .debug_abbrev  0x00000757      0x1e5 bin/obj/stm32f10x_rcc.o
 .debug_abbrev  0x0000093c      0x2d0 bin/obj/stm32f10x_tim.o
 .debug_abbrev  0x00000c0c      0x1fd bin/obj/stm32f10x_usart.o
 .debug_abbrev  0x00000e09      0x22b bin/obj/main.o
 .debug_abbrev  0x00001034      0x1aa bin/obj/usec_time.o
 .debug_abbrev  0x000011de      0x15b bin/obj/nvic.o
 .debug_abbrev  0x00001339      0x2ed bin/obj/uart.o
 .debug_abbrev  0x00001626       0xf9 bin/obj/list.o
 .debug_abbrev  0x0000171f      0x352 bin/obj/tasks.o
 .debug_abbrev  0x00001a71      0x2ee bin/obj/queue.o
 .debug_abbrev  0x00001d5f      0x2dd bin/obj/timers.o
 .debug_abbrev  0x0000203c      0x237 bin/obj/heap_4.o
 .debug_abbrev  0x00002273       0x8b bin/obj/freeRTOSdebug.o
 .debug_abbrev  0x000022fe      0x1d8 bin/obj/port.o

.debug_loc      0x00000000     0x54b3
 .debug_loc     0x00000000       0xa9 bin/obj/system_stm32f10x.o
 .debug_loc     0x000000a9      0x170 bin/obj/misc.o
 .debug_loc     0x00000219       0x3a bin/obj/stm32f10x_dbgmcu.o
 .debug_loc     0x00000253      0x183 bin/obj/stm32f10x_dma.o
 .debug_loc     0x000003d6      0x4e3 bin/obj/stm32f10x_gpio.o
 .debug_loc     0x000008b9      0x69f bin/obj/stm32f10x_rcc.o
 .debug_loc     0x00000f58     0x1b77 bin/obj/stm32f10x_tim.o
 .debug_loc     0x00002acf      0x684 bin/obj/stm32f10x_usart.o
 .debug_loc     0x00003153      0x107 bin/obj/main.o
 .debug_loc     0x0000325a       0x48 bin/obj/usec_time.o
 .debug_loc     0x000032a2       0x88 bin/obj/uart.o
 .debug_loc     0x0000332a       0x5d bin/obj/list.o
 .debug_loc     0x00003387      0xbb1 bin/obj/tasks.o
 .debug_loc     0x00003f38      0xbd5 bin/obj/queue.o
 .debug_loc     0x00004b0d      0x5fb bin/obj/timers.o
 .debug_loc     0x00005108      0x345 bin/obj/heap_4.o
 .debug_loc     0x0000544d       0x66 bin/obj/port.o

.debug_aranges  0x00000000      0xba0
 .debug_aranges
                0x00000000       0x28 bin/obj/system_stm32f10x.o
 .debug_aranges
                0x00000028       0x40 bin/obj/misc.o
 .debug_aranges
                0x00000068       0x30 bin/obj/stm32f10x_dbgmcu.o
 .debug_aranges
                0x00000098       0x70 bin/obj/stm32f10x_dma.o
 .debug_aranges
                0x00000108       0xa8 bin/obj/stm32f10x_gpio.o
 .debug_aranges
                0x000001b0      0x118 bin/obj/stm32f10x_rcc.o
 .debug_aranges
                0x000002c8      0x2e0 bin/obj/stm32f10x_tim.o
 .debug_aranges
                0x000005a8      0x100 bin/obj/stm32f10x_usart.o
 .debug_aranges
                0x000006a8       0x68 bin/obj/main.o
 .debug_aranges
                0x00000710       0x28 bin/obj/usec_time.o
 .debug_aranges
                0x00000738       0xc0 bin/obj/nvic.o
 .debug_aranges
                0x000007f8       0x48 bin/obj/uart.o
 .debug_aranges
                0x00000840       0x40 bin/obj/list.o
 .debug_aranges
                0x00000880      0x108 bin/obj/tasks.o
 .debug_aranges
                0x00000988       0xb8 bin/obj/queue.o
 .debug_aranges
                0x00000a40       0x68 bin/obj/timers.o
 .debug_aranges
                0x00000aa8       0x48 bin/obj/heap_4.o
 .debug_aranges
                0x00000af0       0x28 bin/obj/freeRTOSdebug.o
 .debug_aranges
                0x00000b18       0x88 bin/obj/port.o

.debug_ranges   0x00000000      0xba8
 .debug_ranges  0x00000000       0x30 bin/obj/system_stm32f10x.o
 .debug_ranges  0x00000030       0x30 bin/obj/misc.o
 .debug_ranges  0x00000060       0x20 bin/obj/stm32f10x_dbgmcu.o
 .debug_ranges  0x00000080       0x60 bin/obj/stm32f10x_dma.o
 .debug_ranges  0x000000e0       0x98 bin/obj/stm32f10x_gpio.o
 .debug_ranges  0x00000178      0x108 bin/obj/stm32f10x_rcc.o
 .debug_ranges  0x00000280      0x2e8 bin/obj/stm32f10x_tim.o
 .debug_ranges  0x00000568       0xf0 bin/obj/stm32f10x_usart.o
 .debug_ranges  0x00000658       0x58 bin/obj/main.o
 .debug_ranges  0x000006b0       0x18 bin/obj/usec_time.o
 .debug_ranges  0x000006c8       0xb0 bin/obj/nvic.o
 .debug_ranges  0x00000778       0xc8 bin/obj/uart.o
 .debug_ranges  0x00000840       0x30 bin/obj/list.o
 .debug_ranges  0x00000870      0x170 bin/obj/tasks.o
 .debug_ranges  0x000009e0       0xa8 bin/obj/queue.o
 .debug_ranges  0x00000a88       0x58 bin/obj/timers.o
 .debug_ranges  0x00000ae0       0x38 bin/obj/heap_4.o
 .debug_ranges  0x00000b18       0x18 bin/obj/freeRTOSdebug.o
 .debug_ranges  0x00000b30       0x78 bin/obj/port.o

.debug_macro    0x00000000     0xe665
 .debug_macro   0x00000000      0x129 bin/obj/system_stm32f10x.o
 .debug_macro   0x00000129      0x856 bin/obj/system_stm32f10x.o
 .debug_macro   0x0000097f       0x50 bin/obj/system_stm32f10x.o
 .debug_macro   0x000009cf       0x22 bin/obj/system_stm32f10x.o
 .debug_macro   0x000009f1       0x52 bin/obj/system_stm32f10x.o
 .debug_macro   0x00000a43       0x16 bin/obj/system_stm32f10x.o
 .debug_macro   0x00000a59       0x35 bin/obj/system_stm32f10x.o
 .debug_macro   0x00000a8e       0xa2 bin/obj/system_stm32f10x.o
 .debug_macro   0x00000b30      0x20e bin/obj/system_stm32f10x.o
 .debug_macro   0x00000d3e      0x69f bin/obj/system_stm32f10x.o
 .debug_macro   0x000013dd     0x7dbe bin/obj/system_stm32f10x.o
 .debug_macro   0x0000919b       0x35 bin/obj/system_stm32f10x.o
 .debug_macro   0x000091d0      0x2df bin/obj/system_stm32f10x.o
 .debug_macro   0x000094af       0xac bin/obj/system_stm32f10x.o
 .debug_macro   0x0000955b      0x3ad bin/obj/system_stm32f10x.o
 .debug_macro   0x00009908      0x2cf bin/obj/system_stm32f10x.o
 .debug_macro   0x00009bd7      0x2ac bin/obj/system_stm32f10x.o
 .debug_macro   0x00009e83      0x2b1 bin/obj/system_stm32f10x.o
 .debug_macro   0x0000a134       0x64 bin/obj/system_stm32f10x.o
 .debug_macro   0x0000a198      0x3e2 bin/obj/system_stm32f10x.o
 .debug_macro   0x0000a57a      0x2c4 bin/obj/system_stm32f10x.o
 .debug_macro   0x0000a83e      0x711 bin/obj/system_stm32f10x.o
 .debug_macro   0x0000af4f      0x220 bin/obj/system_stm32f10x.o
 .debug_macro   0x0000b16f       0x8b bin/obj/system_stm32f10x.o
 .debug_macro   0x0000b1fa      0x11e bin/obj/misc.o
 .debug_macro   0x0000b318      0x11e bin/obj/stm32f10x_dbgmcu.o
 .debug_macro   0x0000b436      0x16c bin/obj/stm32f10x_dma.o
 .debug_macro   0x0000b5a2      0x166 bin/obj/stm32f10x_gpio.o
 .debug_macro   0x0000b708      0x234 bin/obj/stm32f10x_rcc.o
 .debug_macro   0x0000b93c      0x130 bin/obj/stm32f10x_tim.o
 .debug_macro   0x0000ba6c      0x1cc bin/obj/stm32f10x_usart.o
 .debug_macro   0x0000bc38      0x271 bin/obj/main.o
 .debug_macro   0x0000bea9      0x106 bin/obj/main.o
 .debug_macro   0x0000bfaf      0x166 bin/obj/main.o
 .debug_macro   0x0000c115       0x40 bin/obj/main.o
 .debug_macro   0x0000c155       0xaf bin/obj/main.o
 .debug_macro   0x0000c204       0x12 bin/obj/main.o
 .debug_macro   0x0000c216       0x1f bin/obj/main.o
 .debug_macro   0x0000c235      0x36f bin/obj/main.o
 .debug_macro   0x0000c5a4       0x79 bin/obj/main.o
 .debug_macro   0x0000c61d       0x69 bin/obj/main.o
 .debug_macro   0x0000c686       0x16 bin/obj/main.o
 .debug_macro   0x0000c69c       0x35 bin/obj/main.o
 .debug_macro   0x0000c6d1       0x10 bin/obj/main.o
 .debug_macro   0x0000c6e1       0x3a bin/obj/main.o
 .debug_macro   0x0000c71b       0x52 bin/obj/main.o
 .debug_macro   0x0000c76d       0x16 bin/obj/main.o
 .debug_macro   0x0000c783       0x43 bin/obj/main.o
 .debug_macro   0x0000c7c6      0x180 bin/obj/main.o
 .debug_macro   0x0000c946       0x10 bin/obj/main.o
 .debug_macro   0x0000c956       0x22 bin/obj/main.o
 .debug_macro   0x0000c978       0xbd bin/obj/main.o
 .debug_macro   0x0000ca35       0x16 bin/obj/main.o
 .debug_macro   0x0000ca4b      0x16c bin/obj/main.o
 .debug_macro   0x0000cbb7      0x2a6 bin/obj/main.o
 .debug_macro   0x0000ce5d       0x10 bin/obj/main.o
 .debug_macro   0x0000ce6d       0x1f bin/obj/main.o
 .debug_macro   0x0000ce8c      0x12b bin/obj/usec_time.o
 .debug_macro   0x0000cfb7       0x2e bin/obj/usec_time.o
 .debug_macro   0x0000cfe5      0x128 bin/obj/nvic.o
 .debug_macro   0x0000d10d      0x278 bin/obj/uart.o
 .debug_macro   0x0000d385       0xb0 bin/obj/uart.o
 .debug_macro   0x0000d435       0x7e bin/obj/uart.o
 .debug_macro   0x0000d4b3      0x1f3 bin/obj/list.o
 .debug_macro   0x0000d6a6       0x16 bin/obj/list.o
 .debug_macro   0x0000d6bc      0x10e bin/obj/list.o
 .debug_macro   0x0000d7ca       0x7f bin/obj/list.o
 .debug_macro   0x0000d849       0x16 bin/obj/list.o
 .debug_macro   0x0000d85f       0x29 bin/obj/list.o
 .debug_macro   0x0000d888      0x2c6 bin/obj/tasks.o
 .debug_macro   0x0000db4e       0x91 bin/obj/tasks.o
 .debug_macro   0x0000dbdf       0x16 bin/obj/tasks.o
 .debug_macro   0x0000dbf5      0x283 bin/obj/queue.o
 .debug_macro   0x0000de78      0x230 bin/obj/timers.o
 .debug_macro   0x0000e0a8      0x220 bin/obj/heap_4.o
 .debug_macro   0x0000e2c8      0x183 bin/obj/freeRTOSdebug.o
 .debug_macro   0x0000e44b      0x21a bin/obj/port.o

.debug_line     0x00000000     0x6e35
 .debug_line    0x00000000      0x3c3 bin/obj/system_stm32f10x.o
 .debug_line    0x000003c3      0x3ed bin/obj/misc.o
 .debug_line    0x000007b0      0x3bd bin/obj/stm32f10x_dbgmcu.o
 .debug_line    0x00000b6d      0x496 bin/obj/stm32f10x_dma.o
 .debug_line    0x00001003      0x537 bin/obj/stm32f10x_gpio.o
 .debug_line    0x0000153a      0x621 bin/obj/stm32f10x_rcc.o
 .debug_line    0x00001b5b      0xc6f bin/obj/stm32f10x_tim.o
 .debug_line    0x000027ca      0x63f bin/obj/stm32f10x_usart.o
 .debug_line    0x00002e09      0x65c bin/obj/main.o
 .debug_line    0x00003465      0x3da bin/obj/usec_time.o
 .debug_line    0x0000383f      0x4ca bin/obj/nvic.o
 .debug_line    0x00003d09      0x5ee bin/obj/uart.o
 .debug_line    0x000042f7      0x4f3 bin/obj/list.o
 .debug_line    0x000047ea      0x96f bin/obj/tasks.o
 .debug_line    0x00005159      0x7e0 bin/obj/queue.o
 .debug_line    0x00005939      0x619 bin/obj/timers.o
 .debug_line    0x00005f52      0x582 bin/obj/heap_4.o
 .debug_line    0x000064d4      0x43d bin/obj/freeRTOSdebug.o
 .debug_line    0x00006911      0x524 bin/obj/port.o

.debug_str      0x00000000    0x50b8b
 .debug_str     0x00000000    0x444a3 bin/obj/system_stm32f10x.o
                              0x44607 (size before relaxing)
 .debug_str     0x000444a3      0x241 bin/obj/misc.o
                              0x446df (size before relaxing)
 .debug_str     0x000446e4       0xb2 bin/obj/stm32f10x_dbgmcu.o
                              0x44522 (size before relaxing)
 .debug_str     0x00044796      0x6f3 bin/obj/stm32f10x_dma.o
                              0x44b86 (size before relaxing)
 .debug_str     0x00044e89      0x5c7 bin/obj/stm32f10x_gpio.o
                              0x44a63 (size before relaxing)
 .debug_str     0x00045450      0xae4 bin/obj/stm32f10x_rcc.o
                              0x45032 (size before relaxing)
 .debug_str     0x00045f34      0xc21 bin/obj/stm32f10x_tim.o
                              0x4517e (size before relaxing)
 .debug_str     0x00046b55      0x7fc bin/obj/stm32f10x_usart.o
                              0x44d9c (size before relaxing)
 .debug_str     0x00047351     0x55d0 bin/obj/main.o
                              0x49c4f (size before relaxing)
 .debug_str     0x0004c921      0x3c2 bin/obj/usec_time.o
                              0x44aa1 (size before relaxing)
 .debug_str     0x0004cce3      0x1f4 bin/obj/nvic.o
                              0x447b3 (size before relaxing)
 .debug_str     0x0004ced7     0x13f4 bin/obj/uart.o
                              0x4a94d (size before relaxing)
 .debug_str     0x0004e2cb      0x20c bin/obj/list.o
                              0x47d3a (size before relaxing)
 .debug_str     0x0004e4d7     0x157d bin/obj/tasks.o
                              0x4a669 (size before relaxing)
 .debug_str     0x0004fa54      0x5d5 bin/obj/queue.o
                              0x4a20e (size before relaxing)
 .debug_str     0x00050029      0x37a bin/obj/timers.o
                              0x49876 (size before relaxing)
 .debug_str     0x000503a3      0x26b bin/obj/heap_4.o
                              0x482a8 (size before relaxing)
 .debug_str     0x0005060e       0x2a bin/obj/freeRTOSdebug.o
                              0x46fc6 (size before relaxing)
 .debug_str     0x00050638      0x553 bin/obj/port.o
                              0x475f0 (size before relaxing)

.comment        0x00000000       0x70
 .comment       0x00000000       0x70 bin/obj/system_stm32f10x.o
                                 0x71 (size before relaxing)
 .comment       0x00000000       0x71 bin/obj/misc.o
 .comment       0x00000000       0x71 bin/obj/stm32f10x_dbgmcu.o
 .comment       0x00000000       0x71 bin/obj/stm32f10x_dma.o
 .comment       0x00000000       0x71 bin/obj/stm32f10x_gpio.o
 .comment       0x00000000       0x71 bin/obj/stm32f10x_rcc.o
 .comment       0x00000000       0x71 bin/obj/stm32f10x_tim.o
 .comment       0x00000000       0x71 bin/obj/stm32f10x_usart.o
 .comment       0x00000000       0x71 bin/obj/main.o
 .comment       0x00000000       0x71 bin/obj/usec_time.o
 .comment       0x00000000       0x71 bin/obj/nvic.o
 .comment       0x00000000       0x71 bin/obj/uart.o
 .comment       0x00000000       0x71 bin/obj/list.o
 .comment       0x00000000       0x71 bin/obj/tasks.o
 .comment       0x00000000       0x71 bin/obj/queue.o
 .comment       0x00000000       0x71 bin/obj/timers.o
 .comment       0x00000000       0x71 bin/obj/heap_4.o
 .comment       0x00000000       0x71 bin/obj/freeRTOSdebug.o
 .comment       0x00000000       0x71 bin/obj/port.o

.debug_frame    0x00000000     0x19ac
 .debug_frame   0x00000000       0x34 bin/obj/system_stm32f10x.o
 .debug_frame   0x00000034       0x68 bin/obj/misc.o
 .debug_frame   0x0000009c       0x40 bin/obj/stm32f10x_dbgmcu.o
 .debug_frame   0x000000dc       0xc8 bin/obj/stm32f10x_dma.o
 .debug_frame   0x000001a4      0x164 bin/obj/stm32f10x_gpio.o
 .debug_frame   0x00000308      0x224 bin/obj/stm32f10x_rcc.o
 .debug_frame   0x0000052c      0x658 bin/obj/stm32f10x_tim.o
 .debug_frame   0x00000b84      0x20c bin/obj/stm32f10x_usart.o
 .debug_frame   0x00000d90      0x124 bin/obj/main.o
 .debug_frame   0x00000eb4       0x48 bin/obj/usec_time.o
 .debug_frame   0x00000efc      0x168 bin/obj/nvic.o
 .debug_frame   0x00001064       0xac bin/obj/uart.o
 .debug_frame   0x00001110       0x6c bin/obj/list.o
 .debug_frame   0x0000117c      0x2f0 bin/obj/tasks.o
 .debug_frame   0x0000146c      0x228 bin/obj/queue.o
 .debug_frame   0x00001694      0x128 bin/obj/timers.o
 .debug_frame   0x000017bc       0x90 bin/obj/heap_4.o
 .debug_frame   0x0000184c       0x30 bin/obj/freeRTOSdebug.o
 .debug_frame   0x0000187c      0x110 bin/obj/port.o
 .debug_frame   0x0000198c       0x20 C:/Program Files/GNU Tools ARM Embedded/4.8 2013q4/arm-none-eabi/lib/libc_s.a(lib_a-memcpy-stub.o)

Cross Reference Table

Symbol                                            File
ADC1_2_IRQHandler                                 bin/obj/startup_stm32f10x_md.o
ADC_AnalogWatchdogCmd                             bin/obj/stm32f10x_adc.o
ADC_AnalogWatchdogSingleChannelConfig             bin/obj/stm32f10x_adc.o
ADC_AnalogWatchdogThresholdsConfig                bin/obj/stm32f10x_adc.o
ADC_AutoInjectedConvCmd                           bin/obj/stm32f10x_adc.o
ADC_ClearFlag                                     bin/obj/stm32f10x_adc.o
ADC_ClearITPendingBit                             bin/obj/stm32f10x_adc.o
ADC_Cmd                                           bin/obj/stm32f10x_adc.o
ADC_DMACmd                                        bin/obj/stm32f10x_adc.o
ADC_DeInit                                        bin/obj/stm32f10x_adc.o
ADC_DiscModeChannelCountConfig                    bin/obj/stm32f10x_adc.o
ADC_DiscModeCmd                                   bin/obj/stm32f10x_adc.o
ADC_ExternalTrigConvCmd                           bin/obj/stm32f10x_adc.o
ADC_ExternalTrigInjectedConvCmd                   bin/obj/stm32f10x_adc.o
ADC_ExternalTrigInjectedConvConfig                bin/obj/stm32f10x_adc.o
ADC_GetCalibrationStatus                          bin/obj/stm32f10x_adc.o
ADC_GetConversionValue                            bin/obj/stm32f10x_adc.o
ADC_GetDualModeConversionValue                    bin/obj/stm32f10x_adc.o
ADC_GetFlagStatus                                 bin/obj/stm32f10x_adc.o
ADC_GetITStatus                                   bin/obj/stm32f10x_adc.o
ADC_GetInjectedConversionValue                    bin/obj/stm32f10x_adc.o
ADC_GetResetCalibrationStatus                     bin/obj/stm32f10x_adc.o
ADC_GetSoftwareStartConvStatus                    bin/obj/stm32f10x_adc.o
ADC_GetSoftwareStartInjectedConvCmdStatus         bin/obj/stm32f10x_adc.o
ADC_ITConfig                                      bin/obj/stm32f10x_adc.o
ADC_Init                                          bin/obj/stm32f10x_adc.o
ADC_InjectedChannelConfig                         bin/obj/stm32f10x_adc.o
ADC_InjectedDiscModeCmd                           bin/obj/stm32f10x_adc.o
ADC_InjectedSequencerLengthConfig                 bin/obj/stm32f10x_adc.o
ADC_RegularChannelConfig                          bin/obj/stm32f10x_adc.o
ADC_ResetCalibration                              bin/obj/stm32f10x_adc.o
ADC_SetInjectedOffset                             bin/obj/stm32f10x_adc.o
ADC_SoftwareStartConvCmd                          bin/obj/stm32f10x_adc.o
ADC_SoftwareStartInjectedConvCmd                  bin/obj/stm32f10x_adc.o
ADC_StartCalibration                              bin/obj/stm32f10x_adc.o
ADC_StructInit                                    bin/obj/stm32f10x_adc.o
ADC_TempSensorVrefintCmd                          bin/obj/stm32f10x_adc.o
AHBPrescTable                                     bin/obj/system_stm32f10x.o
BeepInit                                          bin/obj/main.o
BusFault_Handler                                  bin/obj/nvic.o
                                                  bin/obj/startup_stm32f10x_md.o
CAN1_RX1_IRQHandler                               bin/obj/startup_stm32f10x_md.o
CAN1_SCE_IRQHandler                               bin/obj/startup_stm32f10x_md.o
DBGMCU_Config                                     bin/obj/stm32f10x_dbgmcu.o
                                                  bin/obj/usec_time.o
DBGMCU_GetDEVID                                   bin/obj/stm32f10x_dbgmcu.o
DBGMCU_GetREVID                                   bin/obj/stm32f10x_dbgmcu.o
DMA1_Channel1_IRQHandler                          bin/obj/nvic.o
                                                  bin/obj/startup_stm32f10x_md.o
DMA1_Channel2_IRQHandler                          bin/obj/nvic.o
                                                  bin/obj/startup_stm32f10x_md.o
DMA1_Channel3_IRQHandler                          bin/obj/startup_stm32f10x_md.o
DMA1_Channel4_IRQHandler                          bin/obj/nvic.o
                                                  bin/obj/startup_stm32f10x_md.o
DMA1_Channel5_IRQHandler                          bin/obj/nvic.o
                                                  bin/obj/startup_stm32f10x_md.o
DMA1_Channel6_IRQHandler                          bin/obj/nvic.o
                                                  bin/obj/startup_stm32f10x_md.o
DMA1_Channel7_IRQHandler                          bin/obj/nvic.o
                                                  bin/obj/startup_stm32f10x_md.o
DMA_ClearFlag                                     bin/obj/stm32f10x_dma.o
                                                  bin/obj/uart.o
DMA_ClearITPendingBit                             bin/obj/stm32f10x_dma.o
DMA_Cmd                                           bin/obj/stm32f10x_dma.o
                                                  bin/obj/uart.o
DMA_DeInit                                        bin/obj/stm32f10x_dma.o
                                                  bin/obj/uart.o
DMA_GetCurrDataCounter                            bin/obj/stm32f10x_dma.o
                                                  bin/obj/uart.o
DMA_GetFlagStatus                                 bin/obj/stm32f10x_dma.o
DMA_GetITStatus                                   bin/obj/stm32f10x_dma.o
DMA_ITConfig                                      bin/obj/stm32f10x_dma.o
                                                  bin/obj/uart.o
DMA_Init                                          bin/obj/stm32f10x_dma.o
                                                  bin/obj/uart.o
DMA_SetCurrDataCounter                            bin/obj/stm32f10x_dma.o
DMA_StructInit                                    bin/obj/stm32f10x_dma.o
DebugMon_Handler                                  bin/obj/nvic.o
                                                  bin/obj/startup_stm32f10x_md.o
Default_Handler                                   bin/obj/startup_stm32f10x_md.o
EXTI0_IRQHandler                                  bin/obj/startup_stm32f10x_md.o
EXTI15_10_IRQHandler                              bin/obj/startup_stm32f10x_md.o
EXTI1_IRQHandler                                  bin/obj/startup_stm32f10x_md.o
EXTI2_IRQHandler                                  bin/obj/startup_stm32f10x_md.o
EXTI3_IRQHandler                                  bin/obj/startup_stm32f10x_md.o
EXTI4_IRQHandler                                  bin/obj/startup_stm32f10x_md.o
EXTI9_5_IRQHandler                                bin/obj/nvic.o
                                                  bin/obj/startup_stm32f10x_md.o
EXTI_ClearFlag                                    bin/obj/stm32f10x_exti.o
EXTI_ClearITPendingBit                            bin/obj/stm32f10x_exti.o
EXTI_DeInit                                       bin/obj/stm32f10x_exti.o
EXTI_GenerateSWInterrupt                          bin/obj/stm32f10x_exti.o
EXTI_GetFlagStatus                                bin/obj/stm32f10x_exti.o
EXTI_GetITStatus                                  bin/obj/stm32f10x_exti.o
EXTI_Init                                         bin/obj/stm32f10x_exti.o
EXTI_StructInit                                   bin/obj/stm32f10x_exti.o
FLASH_ClearFlag                                   bin/obj/stm32f10x_flash.o
FLASH_EnableWriteProtection                       bin/obj/stm32f10x_flash.o
FLASH_EraseAllBank1Pages                          bin/obj/stm32f10x_flash.o
FLASH_EraseAllPages                               bin/obj/stm32f10x_flash.o
FLASH_EraseOptionBytes                            bin/obj/stm32f10x_flash.o
FLASH_ErasePage                                   bin/obj/stm32f10x_flash.o
FLASH_GetBank1Status                              bin/obj/stm32f10x_flash.o
FLASH_GetFlagStatus                               bin/obj/stm32f10x_flash.o
FLASH_GetPrefetchBufferStatus                     bin/obj/stm32f10x_flash.o
FLASH_GetReadOutProtectionStatus                  bin/obj/stm32f10x_flash.o
FLASH_GetStatus                                   bin/obj/stm32f10x_flash.o
FLASH_GetUserOptionByte                           bin/obj/stm32f10x_flash.o
FLASH_GetWriteProtectionOptionByte                bin/obj/stm32f10x_flash.o
FLASH_HalfCycleAccessCmd                          bin/obj/stm32f10x_flash.o
FLASH_IRQHandler                                  bin/obj/startup_stm32f10x_md.o
FLASH_ITConfig                                    bin/obj/stm32f10x_flash.o
FLASH_Lock                                        bin/obj/stm32f10x_flash.o
FLASH_LockBank1                                   bin/obj/stm32f10x_flash.o
FLASH_PrefetchBufferCmd                           bin/obj/stm32f10x_flash.o
FLASH_ProgramHalfWord                             bin/obj/stm32f10x_flash.o
FLASH_ProgramOptionByteData                       bin/obj/stm32f10x_flash.o
FLASH_ProgramWord                                 bin/obj/stm32f10x_flash.o
FLASH_ReadOutProtection                           bin/obj/stm32f10x_flash.o
FLASH_SetLatency                                  bin/obj/stm32f10x_flash.o
FLASH_Unlock                                      bin/obj/stm32f10x_flash.o
FLASH_UnlockBank1                                 bin/obj/stm32f10x_flash.o
FLASH_UserOptionByteConfig                        bin/obj/stm32f10x_flash.o
FLASH_WaitForLastBank1Operation                   bin/obj/stm32f10x_flash.o
FLASH_WaitForLastOperation                        bin/obj/stm32f10x_flash.o
GPIO_AFIODeInit                                   bin/obj/stm32f10x_gpio.o
GPIO_DeInit                                       bin/obj/stm32f10x_gpio.o
GPIO_ETH_MediaInterfaceConfig                     bin/obj/stm32f10x_gpio.o
GPIO_EXTILineConfig                               bin/obj/stm32f10x_gpio.o
GPIO_EventOutputCmd                               bin/obj/stm32f10x_gpio.o
GPIO_EventOutputConfig                            bin/obj/stm32f10x_gpio.o
GPIO_Init                                         bin/obj/stm32f10x_gpio.o
                                                  bin/obj/uart.o
                                                  bin/obj/main.o
GPIO_PinLockConfig                                bin/obj/stm32f10x_gpio.o
GPIO_PinRemapConfig                               bin/obj/stm32f10x_gpio.o
GPIO_ReadInputData                                bin/obj/stm32f10x_gpio.o
GPIO_ReadInputDataBit                             bin/obj/stm32f10x_gpio.o
GPIO_ReadOutputData                               bin/obj/stm32f10x_gpio.o
GPIO_ReadOutputDataBit                            bin/obj/stm32f10x_gpio.o
GPIO_ResetBits                                    bin/obj/stm32f10x_gpio.o
                                                  bin/obj/main.o
GPIO_SetBits                                      bin/obj/stm32f10x_gpio.o
                                                  bin/obj/main.o
GPIO_StructInit                                   bin/obj/stm32f10x_gpio.o
GPIO_Write                                        bin/obj/stm32f10x_gpio.o
GPIO_WriteBit                                     bin/obj/stm32f10x_gpio.o
HardFault_Handler                                 bin/obj/nvic.o
                                                  bin/obj/startup_stm32f10x_md.o
I2C1_ER_IRQHandler                                bin/obj/nvic.o
                                                  bin/obj/startup_stm32f10x_md.o
I2C1_EV_IRQHandler                                bin/obj/nvic.o
                                                  bin/obj/startup_stm32f10x_md.o
I2C2_ER_IRQHandler                                bin/obj/nvic.o
                                                  bin/obj/startup_stm32f10x_md.o
I2C2_EV_IRQHandler                                bin/obj/nvic.o
                                                  bin/obj/startup_stm32f10x_md.o
I2C_ARPCmd                                        bin/obj/stm32f10x_i2c.o
I2C_AcknowledgeConfig                             bin/obj/stm32f10x_i2c.o
I2C_CalculatePEC                                  bin/obj/stm32f10x_i2c.o
I2C_CheckEvent                                    bin/obj/stm32f10x_i2c.o
I2C_ClearFlag                                     bin/obj/stm32f10x_i2c.o
I2C_ClearITPendingBit                             bin/obj/stm32f10x_i2c.o
I2C_Cmd                                           bin/obj/stm32f10x_i2c.o
I2C_DMACmd                                        bin/obj/stm32f10x_i2c.o
I2C_DMALastTransferCmd                            bin/obj/stm32f10x_i2c.o
I2C_DeInit                                        bin/obj/stm32f10x_i2c.o
I2C_DualAddressCmd                                bin/obj/stm32f10x_i2c.o
I2C_FastModeDutyCycleConfig                       bin/obj/stm32f10x_i2c.o
I2C_GeneralCallCmd                                bin/obj/stm32f10x_i2c.o
I2C_GenerateSTART                                 bin/obj/stm32f10x_i2c.o
I2C_GenerateSTOP                                  bin/obj/stm32f10x_i2c.o
I2C_GetFlagStatus                                 bin/obj/stm32f10x_i2c.o
I2C_GetITStatus                                   bin/obj/stm32f10x_i2c.o
I2C_GetLastEvent                                  bin/obj/stm32f10x_i2c.o
I2C_GetPEC                                        bin/obj/stm32f10x_i2c.o
I2C_ITConfig                                      bin/obj/stm32f10x_i2c.o
I2C_Init                                          bin/obj/stm32f10x_i2c.o
I2C_NACKPositionConfig                            bin/obj/stm32f10x_i2c.o
I2C_OwnAddress2Config                             bin/obj/stm32f10x_i2c.o
I2C_PECPositionConfig                             bin/obj/stm32f10x_i2c.o
I2C_ReadRegister                                  bin/obj/stm32f10x_i2c.o
I2C_ReceiveData                                   bin/obj/stm32f10x_i2c.o
I2C_SMBusAlertConfig                              bin/obj/stm32f10x_i2c.o
I2C_Send7bitAddress                               bin/obj/stm32f10x_i2c.o
I2C_SendData                                      bin/obj/stm32f10x_i2c.o
I2C_SoftwareResetCmd                              bin/obj/stm32f10x_i2c.o
I2C_StretchClockCmd                               bin/obj/stm32f10x_i2c.o
I2C_StructInit                                    bin/obj/stm32f10x_i2c.o
I2C_TransmitPEC                                   bin/obj/stm32f10x_i2c.o
I2S_Cmd                                           bin/obj/stm32f10x_spi.o
I2S_Init                                          bin/obj/stm32f10x_spi.o
I2S_StructInit                                    bin/obj/stm32f10x_spi.o
IWDG_Enable                                       bin/obj/stm32f10x_iwdg.o
IWDG_GetFlagStatus                                bin/obj/stm32f10x_iwdg.o
IWDG_ReloadCounter                                bin/obj/stm32f10x_iwdg.o
IWDG_SetPrescaler                                 bin/obj/stm32f10x_iwdg.o
IWDG_SetReload                                    bin/obj/stm32f10x_iwdg.o
IWDG_WriteAccessCmd                               bin/obj/stm32f10x_iwdg.o
InitUART                                          bin/obj/uart.o
                                                  bin/obj/main.o
LedInit                                           bin/obj/main.o
LedTestLoop                                       bin/obj/main.o
MemManage_Handler                                 bin/obj/nvic.o
                                                  bin/obj/startup_stm32f10x_md.o
NMI_Handler                                       bin/obj/nvic.o
                                                  bin/obj/startup_stm32f10x_md.o
NVIC_Init                                         bin/obj/misc.o
                                                  bin/obj/usec_time.o
NVIC_PriorityGroupConfig                          bin/obj/misc.o
                                                  bin/obj/nvic.o
NVIC_SetVectorTable                               bin/obj/misc.o
NVIC_SystemLPConfig                               bin/obj/misc.o
PVD_IRQHandler                                    bin/obj/startup_stm32f10x_md.o
PendSV_Handler                                    bin/obj/port.o
                                                  bin/obj/startup_stm32f10x_md.o
RCC_ADCCLKConfig                                  bin/obj/stm32f10x_rcc.o
RCC_AHBPeriphClockCmd                             bin/obj/stm32f10x_rcc.o
RCC_APB1PeriphClockCmd                            bin/obj/stm32f10x_rcc.o
RCC_APB1PeriphResetCmd                            bin/obj/stm32f10x_rcc.o
                                                  bin/obj/stm32f10x_usart.o
                                                  bin/obj/stm32f10x_tim.o
                                                  bin/obj/stm32f10x_spi.o
                                                  bin/obj/stm32f10x_i2c.o
RCC_APB2PeriphClockCmd                            bin/obj/stm32f10x_rcc.o
                                                  bin/obj/uart.o
                                                  bin/obj/usec_time.o
                                                  bin/obj/main.o
RCC_APB2PeriphResetCmd                            bin/obj/stm32f10x_rcc.o
                                                  bin/obj/stm32f10x_usart.o
                                                  bin/obj/stm32f10x_tim.o
                                                  bin/obj/stm32f10x_spi.o
                                                  bin/obj/stm32f10x_gpio.o
                                                  bin/obj/stm32f10x_adc.o
RCC_AdjustHSICalibrationValue                     bin/obj/stm32f10x_rcc.o
RCC_BackupResetCmd                                bin/obj/stm32f10x_rcc.o
RCC_ClearFlag                                     bin/obj/stm32f10x_rcc.o
RCC_ClearITPendingBit                             bin/obj/stm32f10x_rcc.o
RCC_ClockSecuritySystemCmd                        bin/obj/stm32f10x_rcc.o
RCC_DeInit                                        bin/obj/stm32f10x_rcc.o
RCC_GetClocksFreq                                 bin/obj/stm32f10x_rcc.o
                                                  bin/obj/stm32f10x_usart.o
                                                  bin/obj/stm32f10x_spi.o
                                                  bin/obj/stm32f10x_i2c.o
RCC_GetFlagStatus                                 bin/obj/stm32f10x_rcc.o
RCC_GetITStatus                                   bin/obj/stm32f10x_rcc.o
RCC_GetSYSCLKSource                               bin/obj/stm32f10x_rcc.o
RCC_HCLKConfig                                    bin/obj/stm32f10x_rcc.o
RCC_HSEConfig                                     bin/obj/stm32f10x_rcc.o
RCC_HSICmd                                        bin/obj/stm32f10x_rcc.o
RCC_IRQHandler                                    bin/obj/startup_stm32f10x_md.o
RCC_ITConfig                                      bin/obj/stm32f10x_rcc.o
RCC_LSEConfig                                     bin/obj/stm32f10x_rcc.o
RCC_LSICmd                                        bin/obj/stm32f10x_rcc.o
RCC_MCOConfig                                     bin/obj/stm32f10x_rcc.o
RCC_PCLK1Config                                   bin/obj/stm32f10x_rcc.o
RCC_PCLK2Config                                   bin/obj/stm32f10x_rcc.o
RCC_PLLCmd                                        bin/obj/stm32f10x_rcc.o
RCC_PLLConfig                                     bin/obj/stm32f10x_rcc.o
RCC_RTCCLKCmd                                     bin/obj/stm32f10x_rcc.o
RCC_RTCCLKConfig                                  bin/obj/stm32f10x_rcc.o
RCC_SYSCLKConfig                                  bin/obj/stm32f10x_rcc.o
RCC_USBCLKConfig                                  bin/obj/stm32f10x_rcc.o
RCC_WaitForHSEStartUp                             bin/obj/stm32f10x_rcc.o
RTCAlarm_IRQHandler                               bin/obj/startup_stm32f10x_md.o
RTC_IRQHandler                                    bin/obj/startup_stm32f10x_md.o
Reset_Handler                                     bin/obj/startup_stm32f10x_md.o
RxDMAHandle                                       bin/obj/uart.o
SPI1_IRQHandler                                   bin/obj/startup_stm32f10x_md.o
SPI2_IRQHandler                                   bin/obj/startup_stm32f10x_md.o
SPI_BiDirectionalLineConfig                       bin/obj/stm32f10x_spi.o
SPI_CalculateCRC                                  bin/obj/stm32f10x_spi.o
SPI_Cmd                                           bin/obj/stm32f10x_spi.o
SPI_DataSizeConfig                                bin/obj/stm32f10x_spi.o
SPI_GetCRC                                        bin/obj/stm32f10x_spi.o
SPI_GetCRCPolynomial                              bin/obj/stm32f10x_spi.o
SPI_I2S_ClearFlag                                 bin/obj/stm32f10x_spi.o
SPI_I2S_ClearITPendingBit                         bin/obj/stm32f10x_spi.o
SPI_I2S_DMACmd                                    bin/obj/stm32f10x_spi.o
SPI_I2S_DeInit                                    bin/obj/stm32f10x_spi.o
SPI_I2S_GetFlagStatus                             bin/obj/stm32f10x_spi.o
SPI_I2S_GetITStatus                               bin/obj/stm32f10x_spi.o
SPI_I2S_ITConfig                                  bin/obj/stm32f10x_spi.o
SPI_I2S_ReceiveData                               bin/obj/stm32f10x_spi.o
SPI_I2S_SendData                                  bin/obj/stm32f10x_spi.o
SPI_Init                                          bin/obj/stm32f10x_spi.o
SPI_NSSInternalSoftwareConfig                     bin/obj/stm32f10x_spi.o
SPI_SSOutputCmd                                   bin/obj/stm32f10x_spi.o
SPI_StructInit                                    bin/obj/stm32f10x_spi.o
SPI_TransmitCRC                                   bin/obj/stm32f10x_spi.o
SVC_Handler                                       bin/obj/port.o
                                                  bin/obj/startup_stm32f10x_md.o
SysTick_CLKSourceConfig                           bin/obj/misc.o
SysTick_Handler                                   bin/obj/port.o
                                                  bin/obj/startup_stm32f10x_md.o
SystemCoreClock                                   bin/obj/system_stm32f10x.o
SystemCoreClockUpdate                             bin/obj/system_stm32f10x.o
SystemInit                                        bin/obj/system_stm32f10x.o
                                                  bin/obj/startup_stm32f10x_md.o
SystemTaskInit                                    bin/obj/main.o
TAMPER_IRQHandler                                 bin/obj/startup_stm32f10x_md.o
TIM1_BRK_IRQHandler                               bin/obj/startup_stm32f10x_md.o
TIM1_CC_IRQHandler                                bin/obj/startup_stm32f10x_md.o
TIM1_TRG_COM_IRQHandler                           bin/obj/startup_stm32f10x_md.o
TIM1_UP_IRQHandler                                bin/obj/nvic.o
                                                  bin/obj/startup_stm32f10x_md.o
TIM2_IRQHandler                                   bin/obj/startup_stm32f10x_md.o
TIM3_IRQHandler                                   bin/obj/startup_stm32f10x_md.o
TIM4_IRQHandler                                   bin/obj/startup_stm32f10x_md.o
TIM_ARRPreloadConfig                              bin/obj/stm32f10x_tim.o
TIM_BDTRConfig                                    bin/obj/stm32f10x_tim.o
TIM_BDTRStructInit                                bin/obj/stm32f10x_tim.o
TIM_CCPreloadControl                              bin/obj/stm32f10x_tim.o
TIM_CCxCmd                                        bin/obj/stm32f10x_tim.o
TIM_CCxNCmd                                       bin/obj/stm32f10x_tim.o
TIM_ClearFlag                                     bin/obj/stm32f10x_tim.o
TIM_ClearITPendingBit                             bin/obj/stm32f10x_tim.o
                                                  bin/obj/nvic.o
TIM_ClearOC1Ref                                   bin/obj/stm32f10x_tim.o
TIM_ClearOC2Ref                                   bin/obj/stm32f10x_tim.o
TIM_ClearOC3Ref                                   bin/obj/stm32f10x_tim.o
TIM_ClearOC4Ref                                   bin/obj/stm32f10x_tim.o
TIM_Cmd                                           bin/obj/stm32f10x_tim.o
                                                  bin/obj/usec_time.o
TIM_CounterModeConfig                             bin/obj/stm32f10x_tim.o
TIM_CtrlPWMOutputs                                bin/obj/stm32f10x_tim.o
TIM_DMACmd                                        bin/obj/stm32f10x_tim.o
TIM_DMAConfig                                     bin/obj/stm32f10x_tim.o
TIM_DeInit                                        bin/obj/stm32f10x_tim.o
TIM_ETRClockMode1Config                           bin/obj/stm32f10x_tim.o
TIM_ETRClockMode2Config                           bin/obj/stm32f10x_tim.o
TIM_ETRConfig                                     bin/obj/stm32f10x_tim.o
TIM_EncoderInterfaceConfig                        bin/obj/stm32f10x_tim.o
TIM_ForcedOC1Config                               bin/obj/stm32f10x_tim.o
TIM_ForcedOC2Config                               bin/obj/stm32f10x_tim.o
TIM_ForcedOC3Config                               bin/obj/stm32f10x_tim.o
TIM_ForcedOC4Config                               bin/obj/stm32f10x_tim.o
TIM_GenerateEvent                                 bin/obj/stm32f10x_tim.o
TIM_GetCapture1                                   bin/obj/stm32f10x_tim.o
TIM_GetCapture2                                   bin/obj/stm32f10x_tim.o
TIM_GetCapture3                                   bin/obj/stm32f10x_tim.o
TIM_GetCapture4                                   bin/obj/stm32f10x_tim.o
TIM_GetCounter                                    bin/obj/stm32f10x_tim.o
TIM_GetFlagStatus                                 bin/obj/stm32f10x_tim.o
TIM_GetITStatus                                   bin/obj/stm32f10x_tim.o
TIM_GetPrescaler                                  bin/obj/stm32f10x_tim.o
TIM_ICInit                                        bin/obj/stm32f10x_tim.o
TIM_ICStructInit                                  bin/obj/stm32f10x_tim.o
TIM_ITConfig                                      bin/obj/stm32f10x_tim.o
                                                  bin/obj/usec_time.o
TIM_ITRxExternalClockConfig                       bin/obj/stm32f10x_tim.o
TIM_InternalClockConfig                           bin/obj/stm32f10x_tim.o
TIM_OC1FastConfig                                 bin/obj/stm32f10x_tim.o
TIM_OC1Init                                       bin/obj/stm32f10x_tim.o
TIM_OC1NPolarityConfig                            bin/obj/stm32f10x_tim.o
TIM_OC1PolarityConfig                             bin/obj/stm32f10x_tim.o
TIM_OC1PreloadConfig                              bin/obj/stm32f10x_tim.o
TIM_OC2FastConfig                                 bin/obj/stm32f10x_tim.o
TIM_OC2Init                                       bin/obj/stm32f10x_tim.o
TIM_OC2NPolarityConfig                            bin/obj/stm32f10x_tim.o
TIM_OC2PolarityConfig                             bin/obj/stm32f10x_tim.o
TIM_OC2PreloadConfig                              bin/obj/stm32f10x_tim.o
TIM_OC3FastConfig                                 bin/obj/stm32f10x_tim.o
TIM_OC3Init                                       bin/obj/stm32f10x_tim.o
TIM_OC3NPolarityConfig                            bin/obj/stm32f10x_tim.o
TIM_OC3PolarityConfig                             bin/obj/stm32f10x_tim.o
TIM_OC3PreloadConfig                              bin/obj/stm32f10x_tim.o
TIM_OC4FastConfig                                 bin/obj/stm32f10x_tim.o
TIM_OC4Init                                       bin/obj/stm32f10x_tim.o
TIM_OC4PolarityConfig                             bin/obj/stm32f10x_tim.o
TIM_OC4PreloadConfig                              bin/obj/stm32f10x_tim.o
TIM_OCStructInit                                  bin/obj/stm32f10x_tim.o
TIM_PWMIConfig                                    bin/obj/stm32f10x_tim.o
TIM_PrescalerConfig                               bin/obj/stm32f10x_tim.o
TIM_SelectCCDMA                                   bin/obj/stm32f10x_tim.o
TIM_SelectCOM                                     bin/obj/stm32f10x_tim.o
TIM_SelectHallSensor                              bin/obj/stm32f10x_tim.o
TIM_SelectInputTrigger                            bin/obj/stm32f10x_tim.o
TIM_SelectMasterSlaveMode                         bin/obj/stm32f10x_tim.o
TIM_SelectOCxM                                    bin/obj/stm32f10x_tim.o
TIM_SelectOnePulseMode                            bin/obj/stm32f10x_tim.o
TIM_SelectOutputTrigger                           bin/obj/stm32f10x_tim.o
TIM_SelectSlaveMode                               bin/obj/stm32f10x_tim.o
TIM_SetAutoreload                                 bin/obj/stm32f10x_tim.o
TIM_SetClockDivision                              bin/obj/stm32f10x_tim.o
TIM_SetCompare1                                   bin/obj/stm32f10x_tim.o
TIM_SetCompare2                                   bin/obj/stm32f10x_tim.o
TIM_SetCompare3                                   bin/obj/stm32f10x_tim.o
TIM_SetCompare4                                   bin/obj/stm32f10x_tim.o
TIM_SetCounter                                    bin/obj/stm32f10x_tim.o
TIM_SetIC1Prescaler                               bin/obj/stm32f10x_tim.o
TIM_SetIC2Prescaler                               bin/obj/stm32f10x_tim.o
TIM_SetIC3Prescaler                               bin/obj/stm32f10x_tim.o
TIM_SetIC4Prescaler                               bin/obj/stm32f10x_tim.o
TIM_TIxExternalClockConfig                        bin/obj/stm32f10x_tim.o
TIM_TimeBaseInit                                  bin/obj/stm32f10x_tim.o
                                                  bin/obj/usec_time.o
TIM_TimeBaseStructInit                            bin/obj/stm32f10x_tim.o
TIM_UpdateDisableConfig                           bin/obj/stm32f10x_tim.o
TIM_UpdateRequestConfig                           bin/obj/stm32f10x_tim.o
TxDMAHandle                                       bin/obj/uart.o
USART1_IRQHandler                                 bin/obj/startup_stm32f10x_md.o
USART2_IRQHandler                                 bin/obj/startup_stm32f10x_md.o
USART3_IRQHandler                                 bin/obj/nvic.o
                                                  bin/obj/startup_stm32f10x_md.o
USART_ClearFlag                                   bin/obj/stm32f10x_usart.o
USART_ClearITPendingBit                           bin/obj/stm32f10x_usart.o
USART_ClockInit                                   bin/obj/stm32f10x_usart.o
USART_ClockStructInit                             bin/obj/stm32f10x_usart.o
USART_Cmd                                         bin/obj/stm32f10x_usart.o
                                                  bin/obj/uart.o
USART_DMACmd                                      bin/obj/stm32f10x_usart.o
                                                  bin/obj/uart.o
USART_DeInit                                      bin/obj/stm32f10x_usart.o
                                                  bin/obj/uart.o
USART_GetFlagStatus                               bin/obj/stm32f10x_usart.o
USART_GetITStatus                                 bin/obj/stm32f10x_usart.o
USART_HalfDuplexCmd                               bin/obj/stm32f10x_usart.o
USART_ITConfig                                    bin/obj/stm32f10x_usart.o
                                                  bin/obj/uart.o
USART_Init                                        bin/obj/stm32f10x_usart.o
                                                  bin/obj/uart.o
USART_IrDACmd                                     bin/obj/stm32f10x_usart.o
USART_IrDAConfig                                  bin/obj/stm32f10x_usart.o
USART_LINBreakDetectLengthConfig                  bin/obj/stm32f10x_usart.o
USART_LINCmd                                      bin/obj/stm32f10x_usart.o
USART_OneBitMethodCmd                             bin/obj/stm32f10x_usart.o
USART_OverSampling8Cmd                            bin/obj/stm32f10x_usart.o
USART_ReceiveData                                 bin/obj/stm32f10x_usart.o
USART_ReceiverWakeUpCmd                           bin/obj/stm32f10x_usart.o
USART_SendBreak                                   bin/obj/stm32f10x_usart.o
USART_SendData                                    bin/obj/stm32f10x_usart.o
USART_SetAddress                                  bin/obj/stm32f10x_usart.o
USART_SetGuardTime                                bin/obj/stm32f10x_usart.o
USART_SetPrescaler                                bin/obj/stm32f10x_usart.o
USART_SmartCardCmd                                bin/obj/stm32f10x_usart.o
USART_SmartCardNACKCmd                            bin/obj/stm32f10x_usart.o
USART_StructInit                                  bin/obj/stm32f10x_usart.o
USART_WakeUpConfig                                bin/obj/stm32f10x_usart.o
USBWakeUp_IRQHandler                              bin/obj/startup_stm32f10x_md.o
USB_HP_CAN1_TX_IRQHandler                         bin/obj/startup_stm32f10x_md.o
USB_LP_CAN1_RX0_IRQHandler                        bin/obj/startup_stm32f10x_md.o
Uart3ISR                                          bin/obj/uart.o
                                                  bin/obj/nvic.o
UartRecvData                                      bin/obj/uart.o
UartSendData                                      bin/obj/uart.o
                                                  bin/obj/main.o
UsageFault_Handler                                bin/obj/nvic.o
                                                  bin/obj/startup_stm32f10x_md.o
WWDG_IRQHandler                                   bin/obj/startup_stm32f10x_md.o
_ebss                                             bin/obj/startup_stm32f10x_md.o
_edata                                            bin/obj/startup_stm32f10x_md.o
_estack                                           bin/obj/startup_stm32f10x_md.o
_sbss                                             bin/obj/startup_stm32f10x_md.o
_sdata                                            bin/obj/startup_stm32f10x_md.o
_sidata                                           bin/obj/startup_stm32f10x_md.o
debugSendTraceInfo                                bin/obj/freeRTOSdebug.o
                                                  bin/obj/tasks.o
delay_ms                                          bin/obj/main.o
g_pfnVectors                                      bin/obj/startup_stm32f10x_md.o
initUsecTimer                                     bin/obj/usec_time.o
                                                  bin/obj/main.o
ledBlink1                                         bin/obj/main.o
ledBlink2                                         bin/obj/main.o
main                                              bin/obj/main.o
                                                  bin/obj/startup_stm32f10x_md.o
memcpy                                            C:/Program Files/GNU Tools ARM Embedded/4.8 2013q4/arm-none-eabi/lib/libc_s.a(lib_a-memcpy-stub.o)
                                                  bin/obj/queue.o
                                                  bin/obj/uart.o
nvicInit                                          bin/obj/nvic.o
                                                  bin/obj/main.o
pcTimerGetTimerName                               bin/obj/timers.o
printHardFault                                    bin/obj/nvic.o
pvPortMalloc                                      bin/obj/heap_4.o
                                                  bin/obj/timers.o
                                                  bin/obj/queue.o
                                                  bin/obj/tasks.o
pvTimerGetTimerID                                 bin/obj/timers.o
pxCurrentTCB                                      bin/obj/tasks.o
                                                  bin/obj/port.o
pxPortInitialiseStack                             bin/obj/port.o
                                                  bin/obj/tasks.o
systemPowerOn                                     bin/obj/main.o
test                                              bin/obj/main.o
uartDmaRxISR                                      bin/obj/uart.o
                                                  bin/obj/nvic.o
uartDmaTxISR                                      bin/obj/uart.o
                                                  bin/obj/nvic.o
ulPortSetInterruptMask                            bin/obj/port.o
                                                  bin/obj/queue.o
                                                  bin/obj/tasks.o
usecTimerHighCount                                bin/obj/nvic.o
                                                  bin/obj/usec_time.o
usecTimestamp                                     bin/obj/usec_time.o
uxListRemove                                      bin/obj/list.o
                                                  bin/obj/timers.o
                                                  bin/obj/tasks.o
uxQueueMessagesWaiting                            bin/obj/queue.o
uxQueueMessagesWaitingFromISR                     bin/obj/queue.o
uxQueueSpacesAvailable                            bin/obj/queue.o
uxTaskGetNumberOfTasks                            bin/obj/tasks.o
uxTaskResetEventItemValue                         bin/obj/tasks.o
vApplicationStackOverflowHook                     bin/obj/freeRTOSdebug.o
                                                  bin/obj/tasks.o
vListInitialise                                   bin/obj/list.o
                                                  bin/obj/timers.o
                                                  bin/obj/queue.o
                                                  bin/obj/tasks.o
vListInitialiseItem                               bin/obj/list.o
                                                  bin/obj/timers.o
                                                  bin/obj/tasks.o
vListInsert                                       bin/obj/list.o
                                                  bin/obj/timers.o
                                                  bin/obj/tasks.o
vListInsertEnd                                    bin/obj/list.o
                                                  bin/obj/tasks.o
vPortClearInterruptMask                           bin/obj/port.o
                                                  bin/obj/queue.o
                                                  bin/obj/tasks.o
vPortEndScheduler                                 bin/obj/port.o
                                                  bin/obj/tasks.o
vPortEnterCritical                                bin/obj/port.o
                                                  bin/obj/timers.o
                                                  bin/obj/queue.o
                                                  bin/obj/tasks.o
vPortExitCritical                                 bin/obj/port.o
                                                  bin/obj/timers.o
                                                  bin/obj/queue.o
                                                  bin/obj/tasks.o
vPortFree                                         bin/obj/heap_4.o
                                                  bin/obj/timers.o
                                                  bin/obj/queue.o
                                                  bin/obj/tasks.o
vPortInitialiseBlocks                             bin/obj/heap_4.o
vPortSetupTimerInterrupt                          bin/obj/port.o
vPortYield                                        bin/obj/port.o
                                                  bin/obj/timers.o
                                                  bin/obj/queue.o
                                                  bin/obj/tasks.o
vQueueAddToRegistry                               bin/obj/queue.o
                                                  bin/obj/timers.o
vQueueDelete                                      bin/obj/queue.o
vQueueUnregisterQueue                             bin/obj/queue.o
vQueueWaitForMessageRestricted                    bin/obj/queue.o
                                                  bin/obj/timers.o
vTaskDelay                                        bin/obj/tasks.o
                                                  bin/obj/main.o
vTaskDelayUntil                                   bin/obj/tasks.o
vTaskEndScheduler                                 bin/obj/tasks.o
vTaskMissedYield                                  bin/obj/tasks.o
                                                  bin/obj/queue.o
vTaskPlaceOnEventList                             bin/obj/tasks.o
                                                  bin/obj/queue.o
vTaskPlaceOnEventListRestricted                   bin/obj/tasks.o
                                                  bin/obj/queue.o
vTaskPlaceOnUnorderedEventList                    bin/obj/tasks.o
vTaskPriorityDisinherit                           bin/obj/tasks.o
                                                  bin/obj/queue.o
vTaskPriorityInherit                              bin/obj/tasks.o
                                                  bin/obj/queue.o
vTaskSetApplicationTaskTag                        bin/obj/tasks.o
vTaskSetTimeOutState                              bin/obj/tasks.o
                                                  bin/obj/queue.o
vTaskStartScheduler                               bin/obj/tasks.o
                                                  bin/obj/main.o
vTaskSuspendAll                                   bin/obj/tasks.o
                                                  bin/obj/heap_4.o
                                                  bin/obj/timers.o
                                                  bin/obj/queue.o
vTaskSwitchContext                                bin/obj/tasks.o
                                                  bin/obj/port.o
xPortGetFreeHeapSize                              bin/obj/heap_4.o
xPortGetMinimumEverFreeHeapSize                   bin/obj/heap_4.o
xPortStartScheduler                               bin/obj/port.o
                                                  bin/obj/tasks.o
xQueueCreateMutex                                 bin/obj/queue.o
xQueueGenericCreate                               bin/obj/queue.o
                                                  bin/obj/timers.o
xQueueGenericReceive                              bin/obj/queue.o
                                                  bin/obj/timers.o
xQueueGenericReset                                bin/obj/queue.o
xQueueGenericSend                                 bin/obj/queue.o
                                                  bin/obj/timers.o
xQueueGenericSendFromISR                          bin/obj/queue.o
                                                  bin/obj/timers.o
xQueueIsQueueEmptyFromISR                         bin/obj/queue.o
xQueueIsQueueFullFromISR                          bin/obj/queue.o
xQueuePeekFromISR                                 bin/obj/queue.o
xQueueReceiveFromISR                              bin/obj/queue.o
xQueueRegistry                                    bin/obj/queue.o
xTaskCallApplicationTaskHook                      bin/obj/tasks.o
xTaskCheckForTimeOut                              bin/obj/tasks.o
                                                  bin/obj/queue.o
xTaskGenericCreate                                bin/obj/tasks.o
                                                  bin/obj/timers.o
                                                  bin/obj/main.o
xTaskGetApplicationTaskTag                        bin/obj/tasks.o
xTaskGetCurrentTaskHandle                         bin/obj/tasks.o
                                                  bin/obj/queue.o
xTaskGetSchedulerState                            bin/obj/tasks.o
                                                  bin/obj/timers.o
xTaskGetTickCount                                 bin/obj/tasks.o
                                                  bin/obj/timers.o
xTaskGetTickCountFromISR                          bin/obj/tasks.o
xTaskIncrementTick                                bin/obj/tasks.o
                                                  bin/obj/port.o
xTaskRemoveFromEventList                          bin/obj/tasks.o
                                                  bin/obj/queue.o
xTaskRemoveFromUnorderedEventList                 bin/obj/tasks.o
xTaskResumeAll                                    bin/obj/tasks.o
                                                  bin/obj/heap_4.o
                                                  bin/obj/timers.o
                                                  bin/obj/queue.o
xTimerCreate                                      bin/obj/timers.o
xTimerCreateTimerTask                             bin/obj/timers.o
                                                  bin/obj/tasks.o
xTimerGenericCommand                              bin/obj/timers.o
xTimerIsTimerActive                               bin/obj/timers.o
